################################################################################
#                                                                              #
#      IAR Universal Linker V6.6.2.104                                         #
#                                                                              #
#           Link time     =  30/Sep/2021  18:56:40                             #
#           Target CPU    =  MSP430                                            #
#           List file     =  C:\Users\alexb\Desktop\xoodyak-msp\Debug\List\xoo #
#                            dyak-msp.map                                      #
#           Output file 1 =  C:\Users\alexb\Desktop\xoodyak-msp\Debug\Exe\xood #
#                            yak-msp.d43                                       #
#                            Format: ubrof10                                   #
#                            UBROF version 10.0.6                              #
#                            Using library modules for C-SPY (-rt)             #
#           Command line  =  -f C:\Users\alexb\AppData\Local\Temp\EWD715.tmp   #
#                            (C:\Users\alexb\Desktop\xoodyak-msp\Debug\Obj\mai #
#                            n.r43                                             #
#                            C:\Users\alexb\Desktop\xoodyak-msp\Debug\Obj\xood #
#                            oo_perm_msp.r43                                   #
#                            -o                                                #
#                            C:\Users\alexb\Desktop\xoodyak-msp\Debug\Exe\xood #
#                            yak-msp.d43                                       #
#                            -l                                                #
#                            C:\Users\alexb\Desktop\xoodyak-msp\Debug\List\xoo #
#                            dyak-msp.map                                      #
#                            -xms                                              #
#                            "-IC:\Program Files (x86)\IAR Systems\Embedded Wo #
#                            rkbench 8.5\430\LIB\\"                            #
#                            -f                                                #
#                            "C:\Program Files (x86)\IAR Systems\Embedded Work #
#                            bench 8.5\430\config\linker\lnk430f1611.xcl"      #
#                            (-cmsp430 -U1100-18FF=0200-09FF                   #
#                            -QCODE_I=CODE_ID -QTLS16_I=TLS16_ID               #
#                            -D__iar_HWMUL=130 -Z(CONST)INFO=1000-10FF         #
#                            -Z(CONST)INFOA=1080-10FF                          #
#                            -Z(CONST)INFOB=1000-107F                          #
#                            -Z(DATA)DATA16_I,DATA16_Z,DATA16_N,TLS16_I=1100-3 #
#                            8FF                                               #
#                            -Z(DATA)DATA16_HEAP+_DATA16_HEAP_SIZE             #
#                            -Z(DATA)CODE_I -Z(DATA)CSTACK+_STACK_SIZE#        #
#                            -Z(CONST)DATA16_C,DATA16_ID,TLS16_ID,DIFUNCT,CHEC #
#                            KSUM=4000-FFDF                                    #
#                            -Z(CODE)CSTART,ISR_CODE,CODE_ID=4000-FFDF         #
#                            -P(CODE)CODE=4000-FFDF -Z(CODE)INTVEC=FFE0-FFFF   #
#                            -Z(CODE)RESET=FFFE-FFFF) -f                       #
#                            "C:\Program Files (x86)\IAR Systems\Embedded Work #
#                            bench 8.5\430\config\linker\multiplier.xcl"       #
#                            (-e?Mul8Hw=?Mul8 -e?Mul16Hw=?Mul16                #
#                            -e?Mul16to32uHw=?Mul16to32u                       #
#                            -e?Mul16to32sHw=?Mul16to32s -e?Mul32Hw=?Mul32     #
#                            -e_Mul64iHw=_Mul64i                               #
#                            -e_Mul32u32uto64iHw=_Mul32u32uto64i               #
#                            -e?Mul32fHw=_Mul32f -e_Mul64fHwPtr=_Mul64fPtr)    #
#                            -D_STACK_SIZE=50 -rt                              #
#                            "C:\Program Files (x86)\IAR Systems\Embedded Work #
#                            bench 8.5\430\lib\dlib\dl430fn.r43"               #
#                            -D_DATA16_HEAP_SIZE=50 -s __program_start         #
#                            -D_DATA20_HEAP_SIZE=50)                           #
#                                                                              #
#                           Copyright (C) 1987-2019 IAR Systems AB.            #
################################################################################





                ****************************************
                *                                      *
                *           CROSS REFERENCE            *
                *                                      *
                ****************************************

       Program entry at :           4170  Relocatable, from module : ?cstart




                ****************************************
                *                                      *
                *            RUNTIME MODEL             *
                *                                      *
                ****************************************

  __Heap_Handler             = Basic
  __SystemLibrary            = DLib
  __core                     = 430
  __dlib_file_descriptor     = 0
  __dlib_full_locale_support = 0
  __double_size              = 32
  __pic                      = no
  __reg_r4                   = free
  __reg_r5                   = free
  __rt_version               = 3

                ****************************************
                *                                      *
                *    AUTOMATIC SYMBOL REDIRECTIONS     *
                *                                      *
                ****************************************

       All references to: _Printf
         were redirected to: _PrintfSmallNoMb



                ****************************************
                *                                      *
                *              MODULE MAP              *
                *                                      *
                ****************************************


  DEFINED ABSOLUTE ENTRIES
    *************************************************************************

  DEFINED ABSOLUTE ENTRIES
  PROGRAM MODULE, NAME : ?ABS_ENTRY_MOD

Absolute parts
           ENTRY                   ADDRESS         REF BY
           =====                   =======         ======
           _DATA20_HEAP_SIZE       0050 
           _DATA16_HEAP_SIZE       0050 
           _STACK_SIZE             0050 
           __iar_HWMUL             0130            Segment part 1 (?Mul8Hw)
    *************************************************************************

  FILE NAME : C:\Users\alexb\Desktop\xoodyak-msp\Debug\Obj\main.r43
  PROGRAM MODULE, NAME : main

  SEGMENTS IN THE MODULE
  ======================
DATA16_C
  Relative segment, address: 4048 - 4073 (0x2c bytes), align: 0
  Segment part 2.             Intra module refs:   print_state
    -------------------------------------------------------------------------
DATA16_C
  Relative segment, address: 4074 - 409F (0x2c bytes), align: 0
  Segment part 3.             Intra module refs:   print_state
    -------------------------------------------------------------------------
DATA16_C
  Relative segment, address: 40A0 - 40CB (0x2c bytes), align: 0
  Segment part 4.             Intra module refs:   print_state
    -------------------------------------------------------------------------
DATA16_C
  Relative segment, address: 40CC - 4102 (0x37 bytes), align: 0
  Segment part 5.             Intra module refs:   test_state_update
    -------------------------------------------------------------------------
DATA16_C
  Relative segment, address: 4103 - 4134 (0x32 bytes), align: 0
  Segment part 6.             Intra module refs:   test_state_update
    -------------------------------------------------------------------------
DATA16_C
  Relative segment, address: 4135 - 4168 (0x34 bytes), align: 0
  Segment part 7.             Intra module refs:   test_state_update
    -------------------------------------------------------------------------
DATA16_C
  Relative segment, address: 4000 - 402F (0x30 bytes), align: 1
  Segment part 8.             Intra module refs:   test_state_update
           LOCAL                   ADDRESS         
           =====                   =======         
           RC                      4000 
    -------------------------------------------------------------------------
<CODE> 1 (was CODE)
  Relative segment, address: 4734 - 47B5 (0x82 bytes), align: 1
  Segment part 9.             Intra module refs:   test_state_update
           ENTRY                   ADDRESS         REF BY
           =====                   =======         ======
           print_state             4734 
               calls direct
    -------------------------------------------------------------------------
<CODE> 1 (was CODE)
  Relative segment, address: 4A3E - 4A47 (0xa bytes), align: 1
  Segment part 12.            Intra module refs:   test_state_update
           LOCAL                   ADDRESS         
           =====                   =======         
           xoodoo_iota_C           4A3E 
    -------------------------------------------------------------------------
<CODE> 1 (was CODE)
  Relative segment, address: 4678 - 4733 (0xbc bytes), align: 1
  Segment part 13.            Intra module refs:   main
           ENTRY                   ADDRESS         REF BY
           =====                   =======         ======
           test_state_update       4678 
               calls direct
    -------------------------------------------------------------------------
<CODE> 1 (was CODE)
  Relative segment, address: 4A48 - 4A4F (0x8 bytes), align: 1
  Segment part 14.
           ENTRY                   ADDRESS         REF BY
           =====                   =======         ======
           main                    4A48            Segment part 19 (?cstart)
               calls direct

    *************************************************************************

  FILE NAME : C:\Users\alexb\Desktop\xoodyak-msp\Debug\Obj\xoodoo_perm_msp.r43
  PROGRAM MODULE, NAME : xoodoo_perm_msp

  SEGMENTS IN THE MODULE
  ======================
<CODE> 1 (was CODE)
  Relative segment, address: 481C - 4855 (0x3a bytes), align: 1
  Segment part 0. ROOT 
           ENTRY                   ADDRESS         REF BY
           =====                   =======         ======
           xoodoo_perm_msp         481C            test_state_update (main)
           LOCAL                   ADDRESS         
           =====                   =======         
           loop                    482A 
           term                    4846 
    -------------------------------------------------------------------------
DATA16_C
  Relative segment, address: 4030 - 4047 (0x18 bytes), align: 1
  Segment part 1.             Intra module refs:   xoodoo_perm_msp
           LOCAL                   ADDRESS         
           =====                   =======         
           RCON                    4030 

    *************************************************************************

  FILE NAME : C:\Program Files (x86)\IAR Systems\Embedded Workbench 8.5\430\lib\dlib\dl430fn.r43
  LIBRARY MODULE, NAME : ?__dbg_break

  SEGMENTS IN THE MODULE
  ======================
<CODE> 1 (was CODE)
  Relative segment, address: 4A58 - 4A59 (0x2 bytes), align: 1
  Segment part 2.
           ENTRY                   ADDRESS         REF BY
           =====                   =======         ======
           __DebugBreak            4A58            __dwrite (?__dwrite)
                                                   __exit (?__exit)

    -------------------------------------------------------------------------
  LIBRARY MODULE, NAME : ?__dwrite

  SEGMENTS IN THE MODULE
  ======================
<CODE> 1 (was CODE)
  Relative segment, address: 493C - 495B (0x20 bytes), align: 1
  Segment part 2.
           ENTRY                   ADDRESS         REF BY
           =====                   =======         ======
           __dwrite                493C            __write (?__write)
               calls direct

    -------------------------------------------------------------------------
  LIBRARY MODULE, NAME : ?__exit

  SEGMENTS IN THE MODULE
  ======================
<CODE> 1 (was CODE)
  Relative segment, address: 49EA - 49FB (0x12 bytes), align: 1
  Segment part 2.
           ENTRY                   ADDRESS         REF BY
           =====                   =======         ======
           __exit                  49EA            Segment part 6 (?_exit)
                                                   _exit (?_exit)
               calls direct

    -------------------------------------------------------------------------
  LIBRARY MODULE, NAME : ?__write

  SEGMENTS IN THE MODULE
  ======================
<CODE> 1 (was CODE)
  Relative segment, address: 4A32 - 4A3D (0xc bytes), align: 1
  Segment part 2.
           ENTRY                   ADDRESS         REF BY
           =====                   =======         ======
           __write                 4A32            putchar (?putchar)
               calls direct

    -------------------------------------------------------------------------
  LIBRARY MODULE, NAME : ?_exit

  SEGMENTS IN THE MODULE
  ======================
<CODE> 1 (was CODE)
  Relative segment, address: 4A50, align: 1
  Segment part 0.
           ENTRY                   ADDRESS         REF BY
           =====                   =======         ======
           _exit                   4A50            exit (?exit)
    -------------------------------------------------------------------------
<CODE> 1 (was CODE)
  Relative segment, address: 4A50 - 4A53 (0x4 bytes), align: 1
  Segment part 6.             Intra module refs:   _exit

    -------------------------------------------------------------------------
  LIBRARY MODULE, NAME : ?cstart

  SEGMENTS IN THE MODULE
  ======================
CSTACK
  Relative segment, address: 38B0, align: 1
  Segment part 1.
    -------------------------------------------------------------------------
CSTART
  Relative segment, address: 4170 - 4173 (0x4 bytes), align: 1
  Segment part 9.
           ENTRY                   ADDRESS         REF BY
           =====                   =======         ======
           __program_start         4170            ?reset_vector (?reset_vector)
                                                   Absolute parts (?ABS_ENTRY_MOD)
           ?cstart_begin           4170 
    -------------------------------------------------------------------------
CSTART
  Relative segment, address: 4174 - 417B (0x8 bytes), align: 1
  Segment part 19.            Intra module refs:   Segment part 9
           ENTRY                   ADDRESS         REF BY
           =====                   =======         ======
           ?cstart_call_main       4174 
           ?cstart_end             417C 

    -------------------------------------------------------------------------
  LIBRARY MODULE, NAME : ?reset_vector

  SEGMENTS IN THE MODULE
  ======================
RESET
  Relative segment, address: FFFE - FFFF (0x2 bytes), align: 1
  Segment part 0.
           ENTRY                   ADDRESS         REF BY
           =====                   =======         ======
           ?reset_vector           FFFE            Segment part 9 (?cstart)

    -------------------------------------------------------------------------
  LIBRARY MODULE, NAME : ?Epilogue

  SEGMENTS IN THE MODULE
  ======================
<CODE> 1 (was CODE)
  Relative segment, address: 4A18 - 4A19 (0x2 bytes), align: 1
  Segment part 2.
           ENTRY                   ADDRESS         REF BY
           =====                   =======         ======
           ?Epilogue6              4A18            _LitobSmallNoMb (?xprintfsmall_nomb)
                                                   _PrintfSmallNoMb (?xprintfsmall_nomb)
    -------------------------------------------------------------------------
<CODE> 1 (was CODE)
  Relative segment, address: 4A1A - 4A1B (0x2 bytes), align: 1
  Segment part 3.             Intra module refs:   ?Epilogue6
           ENTRY                   ADDRESS         REF BY
           =====                   =======         ======
           ?Epilogue5              4A1A 
    -------------------------------------------------------------------------
<CODE> 1 (was CODE)
  Relative segment, address: 4A1C - 4A1D (0x2 bytes), align: 1
  Segment part 4.             Intra module refs:   ?Epilogue5
           ENTRY                   ADDRESS         REF BY
           =====                   =======         ======
           ?Epilogue4              4A1C            _PutcharsSmallNoMb (?xprintfsmall_nomb)
                                                   pad (?xprintfsmall_nomb)
    -------------------------------------------------------------------------
<CODE> 1 (was CODE)
  Relative segment, address: 4A1E - 4A25 (0x8 bytes), align: 1
  Segment part 5.             Intra module refs:   ?Epilogue4
           ENTRY                   ADDRESS         REF BY
           =====                   =======         ======
           ?Epilogue3              4A1E 

    -------------------------------------------------------------------------
  LIBRARY MODULE, NAME : ?exit

  SEGMENTS IN THE MODULE
  ======================
<CODE> 1 (was CODE)
  Relative segment, address: 4A54 - 4A57 (0x4 bytes), align: 1
  Segment part 2.
           ENTRY                   ADDRESS         REF BY
           =====                   =======         ======
           exit                    4A54            Segment part 19 (?cstart)
               calls direct

    -------------------------------------------------------------------------
  LIBRARY MODULE, NAME : ?DivMod32u

  SEGMENTS IN THE MODULE
  ======================
<CODE> 1 (was CODE)
  Relative segment, address: 4856 - 488D (0x38 bytes), align: 1
  Segment part 0.
           ENTRY                   ADDRESS         REF BY
           =====                   =======         ======
           ?DivMod32u              4856            _LitobSmallNoMb (?xprintfsmall_nomb)

    -------------------------------------------------------------------------
  LIBRARY MODULE, NAME : ?memchr

  SEGMENTS IN THE MODULE
  ======================
<CODE> 1 (was CODE)
  Relative segment, address: 49C4 - 49D7 (0x14 bytes), align: 1
  Segment part 2.
           ENTRY                   ADDRESS         REF BY
           =====                   =======         ======
           __iar_Memchr            49C4            _PrintfSmallNoMb (?xprintfsmall_nomb)

    -------------------------------------------------------------------------
  LIBRARY MODULE, NAME : ?Mul8Hw

  SEGMENTS IN THE MODULE
  ======================
<CODE> 1 (was CODE)
  Relative segment, address: 4978 - 497B (0x4 bytes), align: 1
  Segment part 0.
           ENTRY                   ADDRESS         REF BY
           =====                   =======         ======
           ?Mul8Hw                 4978            _LitobSmallNoMb (?xprintfsmall_nomb)
    -------------------------------------------------------------------------
<CODE> 1 (was CODE)
  Relative segment, address: 497C - 4993 (0x18 bytes), align: 1
  Segment part 1.             Intra module refs:   ?Mul8Hw
           ENTRY                   ADDRESS         REF BY
           =====                   =======         ======
           ?Mul16Hw                497C 
           ?Mul16to32uHw           497C 

    -------------------------------------------------------------------------
  LIBRARY MODULE, NAME : ?printf

  SEGMENTS IN THE MODULE
  ======================
<CODE> 1 (was CODE)
  Relative segment, address: 495C - 4977 (0x1c bytes), align: 1
  Segment part 2.
           ENTRY                   ADDRESS         REF BY
           =====                   =======         ======
           printf                  495C            print_state (main)
                                                   test_state_update (main)
               calls direct

    -------------------------------------------------------------------------
  LIBRARY MODULE, NAME : ?putchar

  SEGMENTS IN THE MODULE
  ======================
<CODE> 1 (was CODE)
  Relative segment, address: 48F0 - 4917 (0x28 bytes), align: 1
  Segment part 2.
           ENTRY                   ADDRESS         REF BY
           =====                   =======         ======
           putchar                 48F0            _Prout (?xprout)
               calls direct

    -------------------------------------------------------------------------
  LIBRARY MODULE, NAME : ?strchr

  SEGMENTS IN THE MODULE
  ======================
<CODE> 1 (was CODE)
  Relative segment, address: 49FC - 4A09 (0xe bytes), align: 1
  Segment part 2.
           ENTRY                   ADDRESS         REF BY
           =====                   =======         ======
           __iar_Strchr            49FC            _PrintfSmallNoMb (?xprintfsmall_nomb)

    -------------------------------------------------------------------------
  LIBRARY MODULE, NAME : ?strlen

  SEGMENTS IN THE MODULE
  ======================
<CODE> 1 (was CODE)
  Relative segment, address: 49D8 - 49E9 (0x12 bytes), align: 1
  Segment part 2.
           ENTRY                   ADDRESS         REF BY
           =====                   =======         ======
           strlen                  49D8            _PrintfSmallNoMb (?xprintfsmall_nomb)

    -------------------------------------------------------------------------
  LIBRARY MODULE, NAME : ?xprintfsmall_nomb

  SEGMENTS IN THE MODULE
  ======================
<CODE> 1 (was CODE)
  Relative segment, address: 417C - 4527 (0x3ac bytes), align: 1
  Segment part 4.
           ENTRY                   ADDRESS         REF BY
           =====                   =======         ======
           _PrintfSmallNoMb        417C            printf (?printf)
               calls direct
    -------------------------------------------------------------------------
<CODE> 1 (was CODE)
  Relative segment, address: 4A26 - 4A31 (0xc bytes), align: 1
  Segment part 5.             Intra module refs:   _PrintfSmallNoMb
    -------------------------------------------------------------------------
<CODE> 1 (was CODE)
  Relative segment, address: 49B0 - 49C3 (0x14 bytes), align: 1
  Segment part 6.             Intra module refs:   _PrintfSmallNoMb
    -------------------------------------------------------------------------
<CODE> 1 (was CODE)
  Relative segment, address: 47B6 - 481B (0x66 bytes), align: 1
  Segment part 7.             Intra module refs:   _PrintfSmallNoMb
           LOCAL                   ADDRESS         
           =====                   =======         
           LoadInt                 47B6 
    -------------------------------------------------------------------------
<CODE> 1 (was CODE)
  Relative segment, address: 4A0A - 4A17 (0xe bytes), align: 1
  Segment part 8.             Intra module refs:   LoadInt
    -------------------------------------------------------------------------
<CODE> 1 (was CODE)
  Relative segment, address: 488E - 48C3 (0x36 bytes), align: 1
  Segment part 9.             Intra module refs:   Segment part 5
           LOCAL                   ADDRESS         
           =====                   =======         
           pad                     488E 
               calls direct
    -------------------------------------------------------------------------
<CODE> 1 (was CODE)
  Relative segment, address: 4528 - 4677 (0x150 bytes), align: 1
  Segment part 3.             Intra module refs:   _PrintfSmallNoMb
           LOCAL                   ADDRESS         
           =====                   =======         
           _LitobSmallNoMb         4528 
               calls direct
    -------------------------------------------------------------------------
<CODE> 1 (was CODE)
  Relative segment, address: 4918 - 493B (0x24 bytes), align: 1
  Segment part 10.            Intra module refs:   _PrintfSmallNoMb
                                                   _PutcharsSmallNoMb
           LOCAL                   ADDRESS         
           =====                   =======         
           _PutcharSmallNoMb       4918 
               calls indirect
    -------------------------------------------------------------------------
<CODE> 1 (was CODE)
  Relative segment, address: 48C4 - 48EF (0x2c bytes), align: 1
  Segment part 11.            Intra module refs:   _PrintfSmallNoMb
                                                   pad
           LOCAL                   ADDRESS         
           =====                   =======         
           _PutcharsSmallNoMb      48C4 
               calls direct
    -------------------------------------------------------------------------
DATA16_C
  Relative segment, address: 4169 - 416E (0x6 bytes), align: 0
  Segment part 2.             Intra module refs:   _PrintfSmallNoMb

    -------------------------------------------------------------------------
  LIBRARY MODULE, NAME : ?xprout

  SEGMENTS IN THE MODULE
  ======================
<CODE> 1 (was CODE)
  Relative segment, address: 4994 - 49AF (0x1c bytes), align: 1
  Segment part 2.
           ENTRY                   ADDRESS         REF BY
           =====                   =======         ======
           _Prout                  4994            printf (?printf)
               calls direct




                ****************************************
                *                                      *
                *      SEGMENTS IN ADDRESS ORDER       *
                *                                      *
                ****************************************


SEGMENT              SPACE    START ADDRESS   END ADDRESS     SIZE  TYPE  ALIGN
=======              =====    =============   ===========     ====  ====  =====
CSTACK                                 38B0 - 38FF              50   rel    1
DATA16_C                               4000 - 416E             16F   rel    1
CSTART                                 4170 - 417B               C   rel    1
<CODE> 1                               417C - 4A59             8DE   rel    1
RESET                                  FFFE - FFFF               2   rel    1

                ****************************************
                *                                      *
                *        END OF CROSS REFERENCE        *
                *                                      *
                ****************************************

 2 284 bytes of CODE  memory
    80 bytes of DATA  memory
   367 bytes of CONST memory

Errors: none
Warnings: none

